// Jest Snapshot v1, https://goo.gl/fbAQLP

exports[`renders correctly 1`] = `
<div>
  <title>
    This is a test title.
  </title>
  <meta
    content="index,follow"
    name="robots"
  />
  <meta
    content="index,follow"
    name="googlebot"
  />
  <meta
    content="This is a test description."
    name="description"
  />
  <meta
    content="summary_large_image"
    name="twitter:card"
  />
  <meta
    content="@site"
    name="twitter:site"
  />
  <meta
    content="@handle"
    name="twitter:creator"
  />
  <meta
    content="https://www.url.ie"
    property="og:url"
  />
  <meta
    content="website"
    property="og:type"
  />
  <meta
    content="Open graph title"
    property="og:title"
  />
  <meta
    content="This is testing og:description."
    property="og:description"
  />
  <meta
    content="https://www.test.ie/image-01.jpg"
    property="og:image"
  />
  <meta
    content="Alt text right here"
    property="og:image:alt"
  />
  <meta
    content="800"
    property="og:image:width"
  />
  <meta
    content="600"
    property="og:image:height"
  />
  <meta
    content="https://www.test.ie/image-02.jpg"
    property="og:image"
  />
  <meta
    content="1200"
    property="og:image:width"
  />
  <meta
    content="1200"
    property="og:image:height"
  />
  <meta
    content="https://www.test.ie/image-03.jpg"
    property="og:image"
  />
  <meta
    content="1200"
    property="og:image:width"
  />
  <meta
    content="1200"
    property="og:image:height"
  />
  <meta
    content="https://www.test.ie/image-04.jpg"
    property="og:image"
  />
  <meta
    content="1200"
    property="og:image:width"
  />
  <meta
    content="1200"
    property="og:image:height"
  />
  <meta
    content="en_IE"
    property="og:locale"
  />
  <meta
    content="SiteName"
    property="og:site_name"
  />
  <link
    href="https://www.canonical.ie"
    rel="canonical"
  />
</div>
`;
